// Jest Snapshot v1, https://goo.gl/fbAQLP

exports[`TreeGrid renders a table, tbody and any child elements 1`] = `
<table
  onKeyDown={[Function]}
  role="treegrid"
>
  <tbody
    style={Object {}}
  >
    <tr>
      <td>
        Test
      </td>
    </tr>
  </tbody>
</table>
`;
